2025-07-09T19:06:40.458Z [info]: Redis connected
2025-07-09T19:06:40.479Z [info]: MongoDB connected
2025-07-09T19:06:40.483Z [info]: Recommendation Service running on port 3003
2025-07-09T20:01:38.302Z [info]: Redis connected
2025-07-09T20:01:38.324Z [info]: MongoDB connected
2025-07-09T20:01:38.328Z [info]: Recommendation Service running on port 3003
2025-07-10T18:00:03.361Z [info]: Redis connected
2025-07-10T18:00:03.389Z [info]: MongoDB connected
2025-07-10T18:00:03.394Z [info]: Recommendation Service running on port 3003
2025-07-10T19:38:45.018Z [info]: Redis connected
2025-07-10T19:38:45.045Z [info]: MongoDB connected
2025-07-10T19:38:45.050Z [info]: Recommendation Service running on port 3003
2025-07-10T19:39:05.916Z [info]: Redis connected
2025-07-10T19:39:05.945Z [info]: MongoDB connected
2025-07-10T19:39:05.953Z [info]: Recommendation Service running on port 3003
2025-07-10T19:40:49.927Z [info]: GET /recommendations
2025-07-10T19:41:40.150Z [info]: GET /recommendations
2025-07-10T19:43:21.102Z [info]: GET /recommendations
2025-07-10T19:44:31.071Z [info]: POST /recommendations/generate
2025-07-10T19:44:58.373Z [info]: POST /recommendations/generate
2025-07-10T19:45:28.099Z [info]: POST /recommendations/generate
2025-07-10T19:45:29.974Z [info]: GET /recommendations
2025-07-10T19:46:48.526Z [info]: GET /recommendations
2025-07-10T19:47:33.238Z [info]: GET /recommendations
2025-07-10T19:48:50.554Z [info]: GET /recommendations
2025-07-10T19:49:02.976Z [info]: GET /recommendations
2025-07-10T19:49:41.851Z [info]: GET /recommendations
2025-07-10T19:52:40.138Z [info]: GET /recommendations
2025-07-10T19:55:03.852Z [info]: GET /recommendations
2025-07-10T19:55:10.559Z [info]: GET /.well-known/appspecific/com.chrome.devtools.json
2025-07-10T19:55:12.330Z [info]: GET /recommendations
2025-07-10T19:55:12.368Z [info]: GET /.well-known/appspecific/com.chrome.devtools.json
2025-07-10T19:55:13.772Z [info]: GET /recommendations
2025-07-10T19:55:13.795Z [info]: GET /.well-known/appspecific/com.chrome.devtools.json
2025-07-10T19:55:14.039Z [info]: GET /recommendations
2025-07-10T19:55:14.062Z [info]: GET /.well-known/appspecific/com.chrome.devtools.json
2025-07-10T19:55:44.968Z [info]: GET /api/recommendations
2025-07-10T19:55:45.111Z [info]: GET /favicon.ico
2025-07-10T19:55:48.394Z [info]: GET /.well-known/appspecific/com.chrome.devtools.json
2025-07-10T19:55:51.302Z [info]: GET /api/recommendations
2025-07-10T19:55:51.363Z [info]: GET /.well-known/appspecific/com.chrome.devtools.json
2025-07-10T19:57:49.179Z [info]: GET /api/recommendations
2025-07-10T19:57:49.408Z [info]: POST /api/recommendations/generate
2025-07-10T19:57:49.508Z [info]: Recommendations generated for user: 686f83037c08bd1429f31bc3
2025-07-10T19:57:49.516Z [info]: GET /api/recommendations
2025-07-10T19:58:05.377Z [info]: GET /api/recommendations
2025-07-10T19:58:26.757Z [info]: GET /api/recommendations
2025-07-10T19:58:26.792Z [info]: POST /api/recommendations/generate
2025-07-10T19:58:26.821Z [info]: Recommendations generated for user: 686f8aaa196b12beca041c80
2025-07-10T19:58:26.826Z [info]: GET /api/recommendations
2025-07-10T19:59:53.891Z [info]: GET /api/recommendations
2025-07-10T20:00:19.388Z [info]: GET /api/recommendations
2025-07-10T20:01:19.920Z [info]: GET /api/recommendations
2025-07-10T20:01:22.037Z [info]: GET /api/recommendations
2025-07-10T20:01:22.842Z [info]: GET /api/recommendations
2025-07-10T20:01:23.191Z [info]: GET /api/recommendations
2025-07-10T20:01:23.427Z [info]: GET /api/recommendations
2025-07-10T20:01:23.634Z [info]: GET /api/recommendations
2025-07-10T20:01:23.863Z [info]: GET /api/recommendations
2025-07-10T20:01:24.105Z [info]: GET /api/recommendations
2025-07-10T20:01:24.240Z [info]: GET /api/recommendations
2025-07-10T20:01:24.423Z [info]: GET /api/recommendations
2025-07-10T20:01:24.616Z [info]: GET /api/recommendations
2025-07-10T20:01:24.811Z [info]: GET /api/recommendations
2025-07-10T20:01:25.027Z [info]: GET /api/recommendations
2025-07-10T20:01:25.224Z [info]: GET /api/recommendations
2025-07-10T20:01:26.226Z [info]: GET /api/recommendations
2025-07-10T20:01:26.455Z [info]: GET /api/recommendations
2025-07-10T20:01:26.672Z [info]: GET /api/recommendations
2025-07-10T20:01:26.845Z [info]: GET /api/recommendations
2025-07-10T20:01:27.072Z [info]: GET /api/recommendations
2025-07-10T20:01:27.303Z [info]: GET /api/recommendations
2025-07-10T20:01:27.502Z [info]: GET /api/recommendations
2025-07-10T20:01:27.750Z [info]: GET /api/recommendations
2025-07-10T20:01:28.009Z [info]: GET /api/recommendations
2025-07-10T20:01:28.140Z [info]: GET /api/recommendations
2025-07-10T20:02:28.828Z [info]: GET /api/recommendations
2025-07-10T20:02:54.573Z [info]: GET /api/recommendations
2025-07-10T20:03:18.069Z [info]: GET /api/recommendations
2025-07-10T20:06:49.795Z [info]: GET /api/recommendations
2025-07-10T20:07:02.728Z [info]: POST /api/recommendations/generate
2025-07-10T20:07:02.780Z [info]: Recommendations generated for user: 686f8aaa196b12beca041c80
2025-07-10T20:07:13.199Z [info]: POST /api/recommendations/generate
2025-07-10T20:07:13.217Z [info]: Recommendations generated for user: 686f8aaa196b12beca041c80
2025-07-10T20:07:14.227Z [info]: POST /api/recommendations/generate
2025-07-10T20:07:14.241Z [info]: Recommendations generated for user: 686f8aaa196b12beca041c80
2025-07-10T20:07:15.168Z [info]: POST /api/recommendations/generate
2025-07-10T20:07:15.222Z [info]: Recommendations generated for user: 686f8aaa196b12beca041c80
2025-07-10T20:07:18.327Z [info]: GET /api/recommendations
2025-07-10T20:07:26.712Z [info]: GET /api/recommendations
2025-07-10T20:29:56.068Z [info]: GET /api/recommendations
2025-07-10T20:31:49.566Z [info]: GET /api/recommendations
2025-07-10T20:32:24.785Z [info]: GET /api/recommendations
2025-07-10T20:35:21.603Z [info]: GET /api/recommendations
2025-07-10T20:36:56.997Z [info]: GET /api/recommendations
2025-07-10T20:38:31.989Z [info]: GET /api/recommendations
2025-07-10T21:02:44.259Z [info]: GET /api/recommendations
2025-07-11T05:42:21.708Z [info]: GET /api/recommendations
2025-07-11T05:42:26.129Z [info]: GET /api/recommendations
2025-07-11T07:40:34.152Z [info]: GET /api/recommendations
2025-07-11T07:41:35.156Z [info]: Redis connected
2025-07-11T07:41:35.184Z [info]: MongoDB connected
2025-07-11T07:41:35.188Z [info]: Recommendation Service running on port 3003
2025-07-11T12:16:50.265Z [info]: Redis connected
2025-07-11T12:16:50.287Z [info]: MongoDB connected
2025-07-11T12:16:50.296Z [info]: Recommendation Service running on port 3003
2025-07-23T11:53:17.499Z [info]: Redis connected
2025-07-23T11:53:17.535Z [info]: MongoDB connected
2025-07-23T11:53:17.541Z [info]: Recommendation Service running on port 3003
2025-07-23T15:26:02.883Z [info]: GET /
2025-07-23T15:30:13.661Z [info]: Redis connected
2025-07-23T15:30:13.676Z [info]: MongoDB connected
2025-07-23T15:30:13.680Z [info]: Recommendation Service running on port 3003
2025-07-23T16:08:11.527Z [info]: Redis connected
2025-07-23T16:08:11.563Z [info]: MongoDB connected
2025-07-23T16:08:11.570Z [info]: Recommendation Service running on port 3003
